// Jest Snapshot v1, https://goo.gl/fbAQLP

exports[`ItemsContainer component test should test ItemsContainer component snapshot 1`] = `ShallowWrapper {}`;
